   Γû▓ Next.js 14.1.0
   - Environments: .env.local

   Creating an optimized production build ...
 Γ£ô Compiled successfully
   Linting and checking validity of types ...
   Collecting page data ...
node.exe : 
At line:1 char:1
+ & "C:\Program 
Files\nodejs/node.exe" 
"C:\Program 
Files\nodejs/node_mo ...
+ ~~~~~~~~~~~~~~~~~~~~~~~~
~~~~~~~~~~~~~~~~~~~~~~~~~~
~~~~~~~~~~~~~~~~~~~
    + CategoryInfo        
      : NotSpecified: (:  
  String) [], RemoteExc   
 eption
    + FullyQualifiedError 
   Id : NativeCommandErr  
  or
 
> Build error occurred
Error: Page 
"/coupons/[id]" is 
missing 
"generateStaticParams()" 
so it cannot be used with 
"output: export" config.
    at C:\Users\user\OneDr
ive\Desktop\IDEATHONE CODE
\node_modules\next\dist\bu
ild\index.js:1102:59
    at process.processTick
sAndRejections (node:inter
nal/process/task_queues:10
3:5)
    at async 
Span.traceAsyncFn (C:\User
s\user\OneDrive\Desktop\ID
EATHONE CODE\node_modules\
next\dist\trace\trace.js:1
51:20)
    at async Promise.all 
(index 5)
    at async C:\Users\user
\OneDrive\Desktop\IDEATHON
E CODE\node_modules\next\d
ist\build\index.js:981:17
    at async 
Span.traceAsyncFn (C:\User
s\user\OneDrive\Desktop\ID
EATHONE CODE\node_modules\
next\dist\trace\trace.js:1
51:20)
    at async C:\Users\user
\OneDrive\Desktop\IDEATHON
E CODE\node_modules\next\d
ist\build\index.js:918:124
    at async 
Span.traceAsyncFn (C:\User
s\user\OneDrive\Desktop\ID
EATHONE CODE\node_modules\
next\dist\trace\trace.js:1
51:20)
    at async build (C:\Use
rs\user\OneDrive\Desktop\I
DEATHONE CODE\node_modules
\next\dist\build\index.js:
374:9)
    at async main (C:\User
s\user\OneDrive\Desktop\ID
EATHONE CODE\node_modules\
next\dist\bin\next:155:5)
